// Jest Snapshot v1, https://goo.gl/fbAQLP

exports[`test selecting midi device toggles which device shows select device from dropdown menu 1`] = `
<DocumentFragment>
  <div
    style="visibility: visible; height: auto;"
  >
    <div
      style="display: none;"
    />
    <h2
      class=""
    >
      MIDI Devices
    </h2>
    <div
      style="display: flex; flex-direction: column; justify-content: center;"
    >
      <div
        class=""
        style="display: flex; align-items: center; justify-content: center;"
      >
        <select
          class=""
          data-testid="midi-select"
          style="background-color: black;"
        >
          <option
            data-testid="select-option"
            disabled=""
            value="Select A Connected Device"
          >
            Select A Connected Device
          </option>
          <option
            data-testid="select-option"
            value="XONE:K2 MIDI"
          >
            XONE:K2 MIDI
          </option>
          <option
            data-testid="select-option"
            value="XONE:K2 MIDI"
          >
            XONE:K2 MIDI
          </option>
          <option
            data-testid="select-option"
            value="XONE:K2 MIDI"
          >
            XONE:K2 MIDI
          </option>
        </select>
      </div>
      <div
        class=""
        style="position: relative; width: 50%; margin: 0px auto; border: 1px solid green;"
      >
        <p>
          XONE:K2 MIDI
        </p>
        <div
          class="sc-bczRLJ MTFLb"
        >
          <div
            class=""
          />
        </div>
        <span>
          Intensity: 0
        </span>
        <div
          style="margin-top: 1em; display: flex; flex-direction: column; justify-content: center; align-items: center;"
        >
          <progress
            max="127"
            style="width: 50%;"
            value="0"
          />
        </div>
        <div
          class="sc-hKMtZM fYEwBS"
        >
          <span>
            Channel: 0
          </span>
          <p
            style="margin: 0px;"
          >
            unknown control name
          </p>
        </div>
      </div>
    </div>
  </div>
</DocumentFragment>
`;
